// Jest Snapshot v1, https://goo.gl/fbAQLP

exports[`Delete Account Screen Snapshot 1`] = `
<RNCSafeAreaView
  style={
    Object {
      "backgroundColor": "white",
      "flex": 1,
      "height": 1334,
    }
  }
>
  <RCTScrollView
    automaticallyAdjustContentInsets={false}
    contentInset={
      Object {
        "bottom": 0,
      }
    }
    enableAutomaticScroll={true}
    enableOnAndroid={false}
    enableResetScrollToCoords={true}
    extraHeight={75}
    extraScrollHeight={0}
    getScrollResponder={[Function]}
    handleOnScroll={[Function]}
    keyboardDismissMode="interactive"
    keyboardOpeningTime={250}
    keyboardSpace={0}
    onScroll={[Function]}
    resetKeyboardSpace={[Function]}
    scrollEventThrottle={1}
    scrollForExtraHeightOnAndroid={[Function]}
    scrollIntoView={[Function]}
    scrollToEnd={[Function]}
    scrollToFocusedInput={[Function]}
    scrollToPosition={[Function]}
    showsVerticalScrollIndicator={true}
    update={[Function]}
    viewIsInsideTabBar={false}
  >
    <View>
      <View
        style={
          Object {
            "alignItems": "center",
            "borderColor": "#25afcd",
            "borderRadius": 10,
            "borderWidth": 1.5,
            "flexDirection": "row",
            "marginHorizontal": 40,
            "marginTop": 150,
            "paddingHorizontal": 10,
            "paddingVertical": 7,
          }
        }
      >
        <Text />
        <TextInput
          allowFontScaling={true}
          onChangeText={[Function]}
          placeholder="enter password"
          rejectResponderTermination={true}
          secureTextEntry={true}
          style={
            Object {
              "paddingHorizontal": 10,
            }
          }
          underlineColorAndroid="transparent"
          value=""
        />
      </View>
      <View
        style={
          Object {
            "alignItems": "center",
            "borderColor": "#25afcd",
            "borderRadius": 10,
            "borderWidth": 1.5,
            "flexDirection": "row",
            "marginHorizontal": 40,
            "marginTop": 15,
            "paddingHorizontal": 10,
            "paddingVertical": 7,
          }
        }
      >
        <Text />
        <TextInput
          allowFontScaling={true}
          autoCapitalize="none"
          onChangeText={[Function]}
          placeholder="confirm password"
          rejectResponderTermination={true}
          secureTextEntry={true}
          style={
            Object {
              "paddingHorizontal": 10,
            }
          }
          underlineColorAndroid="transparent"
          value=""
        />
      </View>
      <View
        accessible={true}
        focusable={true}
        onClick={[Function]}
        onResponderGrant={[Function]}
        onResponderMove={[Function]}
        onResponderRelease={[Function]}
        onResponderTerminate={[Function]}
        onResponderTerminationRequest={[Function]}
        onStartShouldSetResponder={[Function]}
        style={
          Object {
            "opacity": 1,
          }
        }
      >
        <View
          style={
            Object {
              "alignItems": "center",
              "borderColor": "#f4a446",
              "borderRadius": 20,
              "borderWidth": 2,
              "justifyContent": "center",
              "marginHorizontal": 120,
              "marginTop": 40,
              "paddingVertical": 5,
            }
          }
        >
          <Text
            style={
              Object {
                "color": "#f4a446",
                "fontSize": 20,
              }
            }
          >
            CONFIRM
          </Text>
        </View>
      </View>
    </View>
  </RCTScrollView>
</RNCSafeAreaView>
`;
