// Jest Snapshot v1, https://goo.gl/fbAQLP

exports[`Edit Profile Screen Snapshot 1`] = `
<RNCSafeAreaView
  style={
    Object {
      "backgroundColor": "white",
      "flex": 1,
      "height": 1334,
    }
  }
>
  <RCTScrollView
    automaticallyAdjustContentInsets={false}
    contentInset={
      Object {
        "bottom": 0,
      }
    }
    enableAutomaticScroll={true}
    enableOnAndroid={false}
    enableResetScrollToCoords={true}
    extraHeight={75}
    extraScrollHeight={0}
    getScrollResponder={[Function]}
    handleOnScroll={[Function]}
    keyboardDismissMode="interactive"
    keyboardOpeningTime={250}
    keyboardSpace={0}
    onScroll={[Function]}
    resetKeyboardSpace={[Function]}
    scrollEventThrottle={1}
    scrollForExtraHeightOnAndroid={[Function]}
    scrollIntoView={[Function]}
    scrollToEnd={[Function]}
    scrollToFocusedInput={[Function]}
    scrollToPosition={[Function]}
    showsVerticalScrollIndicator={true}
    update={[Function]}
    viewIsInsideTabBar={false}
  >
    <View>
      <View
        style={
          Object {
            "flexDirection": "row",
            "justifyContent": "space-around",
            "marginBottom": -10,
            "marginTop": -10,
          }
        }
      >
        <View
          style={
            Object {
              "backgroundColor": "#25afcd",
              "borderColor": "black",
              "borderRadius": 20,
              "borderWidth": 0,
              "marginBottom": 30,
              "marginTop": 30,
              "paddingHorizontal": 20,
              "paddingVertical": 0,
            }
          }
        >
          <Text
            style={
              Object {
                "color": "white",
                "fontSize": 25,
                "padding": 8,
              }
            }
          >
            EDIT PROFILE
          </Text>
        </View>
        <View>
          <Image
            resizeMode="center"
            source={1}
            style={
              Object {
                "height": 110,
                "width": 110,
              }
            }
          />
        </View>
      </View>
      <View
        style={
          Object {
            "alignItems": "center",
            "marginTop": 90,
            "position": "absolute",
            "width": "100%",
          }
        }
      >
        <View
          accessible={true}
          focusable={true}
          onClick={[Function]}
          onResponderGrant={[Function]}
          onResponderMove={[Function]}
          onResponderRelease={[Function]}
          onResponderTerminate={[Function]}
          onResponderTerminationRequest={[Function]}
          onStartShouldSetResponder={[Function]}
          style={
            Object {
              "alignItems": "center",
              "backgroundColor": "#E1E2E6",
              "borderRadius": 50,
              "height": 100,
              "justifyContent": "center",
              "marginTop": 48,
              "opacity": 1,
              "width": 100,
            }
          }
        >
          <Text />
        </View>
      </View>
      <View
        style={
          Object {
            "alignSelf": "center",
            "marginTop": 150,
          }
        }
      >
        <Text
          onPress={[Function]}
          style={
            Object {
              "color": "#d40059",
              "fontSize": 16,
              "marginBottom": 20,
              "marginTop": 15,
            }
          }
        >
          Change profile picture
        </Text>
      </View>
      <View
        style={
          Object {
            "borderBottomColor": "#f2f2f2",
            "borderBottomWidth": 1,
            "flexDirection": "row",
            "marginBottom": 10,
            "marginLeft": 20,
            "marginRight": 20,
            "marginTop": 20,
            "paddingBottom": 5,
          }
        }
      >
        <Text />
        <TextInput
          allowFontScaling={true}
          autoCorrect={false}
          onChangeText={[Function]}
          placeholder="Name"
          placeholderTextColor="#666666"
          rejectResponderTermination={true}
          style={
            Object {
              "color": "#05375a",
              "flex": 1,
              "fontSize": 18,
              "marginLeft": 20,
              "marginTop": 0,
              "paddingLeft": 10,
            }
          }
          underlineColorAndroid="transparent"
          value=""
        />
      </View>
      <View
        style={
          Object {
            "borderBottomColor": "#f2f2f2",
            "borderBottomWidth": 1,
            "flexDirection": "row",
            "marginBottom": 10,
            "marginLeft": 20,
            "marginRight": 20,
            "marginTop": 5,
            "paddingBottom": 5,
          }
        }
      >
        <Text />
        <TextInput
          allowFontScaling={true}
          autoCorrect={false}
          onChangeText={[Function]}
          placeholder="Course Code"
          placeholderTextColor="#666666"
          rejectResponderTermination={true}
          style={
            Object {
              "color": "#05375a",
              "flex": 1,
              "fontSize": 18,
              "marginLeft": 13,
              "marginTop": 0,
              "paddingLeft": 10,
            }
          }
          underlineColorAndroid="transparent"
          value=""
        />
      </View>
      <View
        style={
          Object {
            "borderBottomColor": "#f2f2f2",
            "borderBottomWidth": 1,
            "flexDirection": "row",
            "marginBottom": 10,
            "marginLeft": 20,
            "marginRight": 20,
            "marginTop": 5,
            "paddingBottom": 5,
          }
        }
      >
        <Text />
        <TextInput
          allowFontScaling={true}
          autoCorrect={false}
          onChangeText={[Function]}
          placeholder="Bio"
          placeholderTextColor="#666666"
          rejectResponderTermination={true}
          style={
            Object {
              "color": "#05375a",
              "flex": 1,
              "fontSize": 18,
              "marginLeft": 18,
              "marginTop": 0,
              "paddingLeft": 10,
            }
          }
          underlineColorAndroid="transparent"
          value=""
        />
      </View>
      <View
        style={
          Object {
            "borderBottomColor": "#f2f2f2",
            "borderBottomWidth": 1,
            "flexDirection": "row",
            "marginBottom": 10,
            "marginLeft": 20,
            "marginRight": 20,
            "marginTop": 5,
            "paddingBottom": 5,
          }
        }
      >
        <Text />
        <TextInput
          allowFontScaling={true}
          autoCorrect={false}
          onChangeText={[Function]}
          placeholder="Birthday"
          placeholderTextColor="#666666"
          rejectResponderTermination={true}
          style={
            Object {
              "color": "#05375a",
              "flex": 1,
              "fontSize": 18,
              "marginLeft": 21,
              "marginTop": 0,
              "paddingLeft": 10,
            }
          }
          underlineColorAndroid="transparent"
          value=""
        />
      </View>
      <View
        style={
          Object {
            "borderBottomColor": "#f2f2f2",
            "borderBottomWidth": 1,
            "flexDirection": "row",
            "marginBottom": 10,
            "marginLeft": 20,
            "marginRight": 20,
            "marginTop": 5,
            "paddingBottom": 5,
          }
        }
      >
        <Text />
        <TextInput
          allowFontScaling={true}
          autoCorrect={false}
          onChangeText={[Function]}
          placeholder="Location"
          placeholderTextColor="#666666"
          rejectResponderTermination={true}
          style={
            Object {
              "color": "#05375a",
              "flex": 1,
              "fontSize": 18,
              "marginLeft": 18,
              "marginTop": 0,
              "paddingLeft": 10,
            }
          }
          underlineColorAndroid="transparent"
          value=""
        />
      </View>
      <View
        style={
          Object {
            "borderBottomColor": "#f2f2f2",
            "borderBottomWidth": 1,
            "flexDirection": "row",
            "marginBottom": 10,
            "marginLeft": 20,
            "marginRight": 20,
            "marginTop": 5,
            "paddingBottom": 5,
          }
        }
      >
        <Text />
        <TextInput
          allowFontScaling={true}
          autoCorrect={false}
          onChangeText={[Function]}
          placeholder="Add link to profile"
          placeholderTextColor="#666666"
          rejectResponderTermination={true}
          style={
            Object {
              "color": "#05375a",
              "flex": 1,
              "fontSize": 18,
              "marginLeft": 24,
              "marginTop": 0,
              "paddingLeft": 10,
            }
          }
          underlineColorAndroid="transparent"
          value=""
        />
      </View>
      <View
        style={
          Object {
            "flexDirection": "row",
            "justifyContent": "space-around",
            "marginTop": 10,
          }
        }
      >
        <Text
          onPress={[Function]}
          style={
            Object {
              "alignSelf": "center",
              "color": "#d40059",
              "fontSize": 16,
              "marginTop": 10,
            }
          }
        >
          Deactivate Account
        </Text>
        <Text
          onPress={[Function]}
          style={
            Object {
              "alignSelf": "center",
              "color": "#d40059",
              "fontSize": 16,
              "marginTop": 10,
            }
          }
        >
          Change Password
        </Text>
      </View>
      <View
        style={
          Object {
            "flexDirection": "row",
            "justifyContent": "space-around",
            "marginBottom": 50,
            "marginTop": 50,
          }
        }
      >
        <View
          accessible={true}
          focusable={true}
          onClick={[Function]}
          onResponderGrant={[Function]}
          onResponderMove={[Function]}
          onResponderRelease={[Function]}
          onResponderTerminate={[Function]}
          onResponderTerminationRequest={[Function]}
          onStartShouldSetResponder={[Function]}
          style={
            Object {
              "alignItems": "center",
              "borderColor": "#25afcd",
              "borderRadius": 20,
              "borderWidth": 2,
              "justifyContent": "center",
              "marginHorizontal": 130,
              "opacity": 1,
              "paddingHorizontal": 15,
              "paddingVertical": 5,
            }
          }
        >
          <Text
            style={
              Object {
                "color": "#25afcd",
                "fontSize": 20,
              }
            }
          >
            CANCEL
          </Text>
        </View>
        <View
          accessible={true}
          focusable={true}
          onClick={[Function]}
          onResponderGrant={[Function]}
          onResponderMove={[Function]}
          onResponderRelease={[Function]}
          onResponderTerminate={[Function]}
          onResponderTerminationRequest={[Function]}
          onStartShouldSetResponder={[Function]}
          style={
            Object {
              "alignItems": "center",
              "borderColor": "#f4a446",
              "borderRadius": 20,
              "borderWidth": 2,
              "justifyContent": "center",
              "marginHorizontal": 130,
              "opacity": 1,
              "paddingHorizontal": 25,
              "paddingVertical": 5,
            }
          }
        >
          <Text
            style={
              Object {
                "color": "#f4a446",
                "fontSize": 20,
              }
            }
          >
            SAVE
          </Text>
        </View>
      </View>
    </View>
  </RCTScrollView>
</RNCSafeAreaView>
`;
