// Jest Snapshot v1, https://goo.gl/fbAQLP

exports[`Login Screen Snapshot 1`] = `
<RNCSafeAreaView
  style={
    Object {
      "backgroundColor": "white",
      "flex": 1,
      "height": 1334,
    }
  }
>
  <RCTScrollView
    automaticallyAdjustContentInsets={false}
    contentInset={
      Object {
        "bottom": 0,
      }
    }
    enableAutomaticScroll={true}
    enableOnAndroid={false}
    enableResetScrollToCoords={true}
    extraHeight={75}
    extraScrollHeight={0}
    getScrollResponder={[Function]}
    handleOnScroll={[Function]}
    keyboardDismissMode="interactive"
    keyboardOpeningTime={250}
    keyboardSpace={0}
    onScroll={[Function]}
    resetKeyboardSpace={[Function]}
    scrollEventThrottle={1}
    scrollForExtraHeightOnAndroid={[Function]}
    scrollIntoView={[Function]}
    scrollToEnd={[Function]}
    scrollToFocusedInput={[Function]}
    scrollToPosition={[Function]}
    showsVerticalScrollIndicator={true}
    update={[Function]}
    viewIsInsideTabBar={false}
  >
    <View>
      <View
        style={
          Object {
            "alignSelf": "center",
            "justifyContent": "center",
            "marginTop": -40,
          }
        }
      >
        <Image
          resizeMode="center"
          source={1}
          style={
            Object {
              "height": 667,
              "width": 750,
            }
          }
        />
      </View>
      <Text
        style={
          Object {
            "alignSelf": "center",
            "fontSize": 25,
            "fontWeight": "300",
            "marginTop": -50,
          }
        }
      >
         Welcome back, Student!
      </Text>
      <View
        style={
          Object {
            "alignItems": "center",
            "justifyContent": "center",
            "marginHorizontal": 30,
            "marginTop": 30,
          }
        }
      />
      <View
        style={
          Object {
            "alignItems": "center",
            "borderColor": "#25afcd",
            "borderRadius": 10,
            "borderWidth": 1.5,
            "flexDirection": "row",
            "marginHorizontal": 40,
            "marginTop": 20,
            "paddingHorizontal": 10,
            "paddingVertical": 7,
          }
        }
      >
        <Text />
        <TextInput
          allowFontScaling={true}
          onChangeText={[Function]}
          placeholder="enter your dcu email address"
          rejectResponderTermination={true}
          style={
            Object {
              "paddingHorizontal": 10,
            }
          }
          underlineColorAndroid="transparent"
          value=""
        />
      </View>
      <View
        style={
          Object {
            "alignItems": "center",
            "borderColor": "#25afcd",
            "borderRadius": 10,
            "borderWidth": 1.5,
            "flexDirection": "row",
            "marginHorizontal": 40,
            "marginTop": 15,
            "paddingHorizontal": 10,
            "paddingVertical": 7,
          }
        }
      >
        <Text />
        <TextInput
          allowFontScaling={true}
          autoCapitalize="none"
          onChangeText={[Function]}
          placeholder="enter your password"
          rejectResponderTermination={true}
          secureTextEntry={true}
          style={
            Object {
              "paddingHorizontal": 10,
            }
          }
          underlineColorAndroid="transparent"
          value=""
        />
      </View>
      <View
        style={
          Object {
            "marginTop": 20,
          }
        }
      >
        <View
          accessible={true}
          focusable={true}
          onClick={[Function]}
          onResponderGrant={[Function]}
          onResponderMove={[Function]}
          onResponderRelease={[Function]}
          onResponderTerminate={[Function]}
          onResponderTerminationRequest={[Function]}
          onStartShouldSetResponder={[Function]}
          style={
            Object {
              "opacity": 1,
            }
          }
        >
          <View
            style={
              Object {
                "alignItems": "center",
                "backgroundColor": "orange",
                "borderRadius": 20,
                "justifyContent": "center",
                "marginHorizontal": 100,
                "marginTop": 30,
                "paddingVertical": 8,
              }
            }
          >
            <Text
              style={
                Object {
                  "color": "white",
                  "fontSize": 20,
                }
              }
            >
              LOG IN
            </Text>
          </View>
        </View>
      </View>
      <View>
        <View
          accessible={true}
          focusable={true}
          onClick={[Function]}
          onResponderGrant={[Function]}
          onResponderMove={[Function]}
          onResponderRelease={[Function]}
          onResponderTerminate={[Function]}
          onResponderTerminationRequest={[Function]}
          onStartShouldSetResponder={[Function]}
          style={
            Object {
              "opacity": 1,
            }
          }
        >
          <View
            style={
              Object {
                "alignItems": "center",
                "borderColor": "#f4a446",
                "borderRadius": 20,
                "borderWidth": 2,
                "justifyContent": "center",
                "marginHorizontal": 100,
                "marginTop": 10,
                "paddingVertical": 5,
              }
            }
          >
            <Text
              style={
                Object {
                  "color": "#f4a446",
                  "fontSize": 20,
                }
              }
            >
              SIGN UP
            </Text>
          </View>
        </View>
      </View>
      <View
        accessible={true}
        focusable={true}
        onClick={[Function]}
        onResponderGrant={[Function]}
        onResponderMove={[Function]}
        onResponderRelease={[Function]}
        onResponderTerminate={[Function]}
        onResponderTerminationRequest={[Function]}
        onStartShouldSetResponder={[Function]}
        style={
          Object {
            "alignSelf": "center",
            "marginBottom": 30,
            "marginTop": 10,
            "opacity": 1,
          }
        }
      >
        <Text
          style={
            Object {
              "color": "#d40059",
              "fontSize": 18,
            }
          }
        >
          Forgot Password?
        </Text>
      </View>
    </View>
  </RCTScrollView>
</RNCSafeAreaView>
`;
