// Jest Snapshot v1, https://goo.gl/fbAQLP

exports[`Register Screen Snapshot 1`] = `
<RNCSafeAreaView
  style={
    Object {
      "backgroundColor": "white",
      "flex": 1,
      "height": 1334,
    }
  }
>
  <RCTScrollView
    automaticallyAdjustContentInsets={false}
    contentInset={
      Object {
        "bottom": 0,
      }
    }
    enableAutomaticScroll={true}
    enableOnAndroid={false}
    enableResetScrollToCoords={true}
    extraHeight={75}
    extraScrollHeight={0}
    getScrollResponder={[Function]}
    handleOnScroll={[Function]}
    keyboardDismissMode="interactive"
    keyboardOpeningTime={250}
    keyboardSpace={0}
    onScroll={[Function]}
    resetKeyboardSpace={[Function]}
    scrollEventThrottle={1}
    scrollForExtraHeightOnAndroid={[Function]}
    scrollIntoView={[Function]}
    scrollToEnd={[Function]}
    scrollToFocusedInput={[Function]}
    scrollToPosition={[Function]}
    showsVerticalScrollIndicator={true}
    update={[Function]}
    viewIsInsideTabBar={false}
  >
    <View>
      <View
        style={
          Object {
            "alignSelf": "center",
            "justifyContent": "center",
            "marginTop": -40,
          }
        }
      >
        <Image
          resizeMode="center"
          source={1}
          style={
            Object {
              "height": 667,
              "width": 750,
            }
          }
        />
      </View>
      <View
        style={
          Object {
            "alignSelf": "center",
            "marginBottom": 50,
            "marginTop": -50,
          }
        }
      >
        <Text
          style={
            Object {
              "color": "black",
              "fontSize": 22,
              "textAlign": "center",
            }
          }
        >
          Welcome to DCU Hub!
        </Text>
      </View>
      <View
        style={
          Object {
            "alignSelf": "center",
            "marginBottom": 50,
            "marginTop": -48,
          }
        }
      >
        <Text
          style={
            Object {
              "color": "#696868",
              "fontSize": 17,
              "textAlign": "center",
            }
          }
        >
          Sign up to get started.
        </Text>
      </View>
      <View
        style={
          Object {
            "alignItems": "center",
            "justifyContent": "center",
            "marginBottom": 30,
            "marginHorizontal": 30,
            "marginTop": -20,
          }
        }
      />
      <View
        style={
          Object {
            "borderColor": "#25afcd",
            "borderRadius": 10,
            "borderWidth": 1.5,
            "marginHorizontal": 40,
            "marginTop": -10,
            "paddingHorizontal": 10,
            "paddingVertical": 10,
          }
        }
      >
        <TextInput
          allowFontScaling={true}
          autoCapitalize="none"
          onChangeText={[Function]}
          placeholder="FULL NAME"
          rejectResponderTermination={true}
          style={
            Object {
              "paddingHorizontal": 10,
            }
          }
          underlineColorAndroid="transparent"
          value=""
        />
      </View>
      <View
        style={
          Object {
            "borderColor": "#25afcd",
            "borderRadius": 10,
            "borderWidth": 1.5,
            "marginHorizontal": 40,
            "marginTop": 15,
            "paddingHorizontal": 10,
            "paddingVertical": 10,
          }
        }
      >
        <TextInput
          allowFontScaling={true}
          autoCapitalize="none"
          onChangeText={[Function]}
          placeholder="DCU EMAIL"
          rejectResponderTermination={true}
          style={
            Object {
              "paddingHorizontal": 10,
            }
          }
          underlineColorAndroid="transparent"
          value=""
        />
      </View>
      <View
        style={
          Object {
            "borderColor": "#25afcd",
            "borderRadius": 10,
            "borderWidth": 1.5,
            "marginHorizontal": 40,
            "marginTop": 15,
            "paddingHorizontal": 10,
            "paddingVertical": 10,
          }
        }
      >
        <TextInput
          allowFontScaling={true}
          autoCapitalize="none"
          onChangeText={[Function]}
          placeholder="PASSWORD"
          rejectResponderTermination={true}
          secureTextEntry={true}
          style={
            Object {
              "paddingHorizontal": 10,
            }
          }
          underlineColorAndroid="transparent"
          value=""
        />
      </View>
      <View>
        <View
          accessible={true}
          focusable={true}
          onClick={[Function]}
          onResponderGrant={[Function]}
          onResponderMove={[Function]}
          onResponderRelease={[Function]}
          onResponderTerminate={[Function]}
          onResponderTerminationRequest={[Function]}
          onStartShouldSetResponder={[Function]}
          style={
            Object {
              "opacity": 1,
            }
          }
        >
          <View
            style={
              Object {
                "alignItems": "center",
                "backgroundColor": "orange",
                "borderRadius": 20,
                "justifyContent": "center",
                "marginHorizontal": 100,
                "marginTop": 30,
                "paddingVertical": 8,
              }
            }
          >
            <Text
              style={
                Object {
                  "color": "white",
                  "fontSize": 20,
                }
              }
            >
              SIGN UP
            </Text>
          </View>
        </View>
      </View>
      <View
        style={
          Object {
            "alignItems": "center",
            "flexDirection": "row",
            "justifyContent": "center",
            "marginBottom": 30,
            "marginTop": 10,
          }
        }
      >
        <Text
          style={
            Object {
              "fontSize": 18,
            }
          }
        >
           Already have an account? 
        </Text>
        <View
          accessible={true}
          focusable={true}
          onClick={[Function]}
          onResponderGrant={[Function]}
          onResponderMove={[Function]}
          onResponderRelease={[Function]}
          onResponderTerminate={[Function]}
          onResponderTerminationRequest={[Function]}
          onStartShouldSetResponder={[Function]}
          style={
            Object {
              "opacity": 1,
            }
          }
        >
          <Text
            style={
              Object {
                "color": "#d40059",
                "fontSize": 18,
              }
            }
          >
             Sign In 
          </Text>
        </View>
      </View>
    </View>
  </RCTScrollView>
</RNCSafeAreaView>
`;
