// Jest Snapshot v1, https://goo.gl/fbAQLP

exports[`Rooms Screen Snapshot 1`] = `
<RNCSafeAreaView
  style={
    Object {
      "backgroundColor": "white",
      "flex": 1,
      "height": 1334,
    }
  }
>
  <RCTScrollView
    automaticallyAdjustContentInsets={false}
    contentInset={
      Object {
        "bottom": 0,
      }
    }
    enableAutomaticScroll={true}
    enableOnAndroid={false}
    enableResetScrollToCoords={true}
    extraHeight={75}
    extraScrollHeight={0}
    getScrollResponder={[Function]}
    handleOnScroll={[Function]}
    keyboardDismissMode="interactive"
    keyboardOpeningTime={250}
    keyboardSpace={0}
    onScroll={[Function]}
    resetKeyboardSpace={[Function]}
    scrollEventThrottle={1}
    scrollForExtraHeightOnAndroid={[Function]}
    scrollIntoView={[Function]}
    scrollToEnd={[Function]}
    scrollToFocusedInput={[Function]}
    scrollToPosition={[Function]}
    showsVerticalScrollIndicator={true}
    update={[Function]}
    viewIsInsideTabBar={false}
  >
    <View>
      <View
        style={
          Object {
            "flexDirection": "row",
            "justifyContent": "space-around",
            "marginBottom": -10,
            "marginTop": -10,
          }
        }
      >
        <View
          style={
            Object {
              "backgroundColor": "#25afcd",
              "borderColor": "black",
              "borderRadius": 20,
              "borderWidth": 0,
              "marginBottom": 30,
              "marginTop": 30,
              "paddingHorizontal": 20,
              "paddingVertical": 0,
            }
          }
        >
          <Text
            style={
              Object {
                "color": "white",
                "fontSize": 25,
                "padding": 8,
              }
            }
          >
            MESSAGES
          </Text>
        </View>
        <View>
          <Image
            resizeMode="center"
            source={1}
            style={
              Object {
                "height": 110,
                "width": 110,
              }
            }
          />
        </View>
      </View>
      <View
        style={
          Object {
            "alignItems": "center",
            "flex": 1,
            "justifyContent": "flex-start",
            "marginTop": 10,
            "paddingBottom": 10,
          }
        }
      >
        <View
          style={
            Object {
              "flexDirection": "row",
              "fontSize": 25,
              "paddingTop": 8,
            }
          }
        >
          <TextInput
            allowFontScaling={true}
            onChangeText={[Function]}
            placeholder="create a chat group"
            rejectResponderTermination={true}
            style={
              Object {
                "borderColor": "#25afcd",
                "borderRadius": 10,
                "borderWidth": 1.5,
                "color": "black",
                "flex": 1,
                "fontSize": 18,
                "height": 40,
                "marginLeft": 20,
                "marginRight": 100,
                "paddingHorizontal": 20,
              }
            }
            underlineColorAndroid="transparent"
            value=""
          />
          <View
            accessible={true}
            focusable={true}
            onClick={[Function]}
            onResponderGrant={[Function]}
            onResponderMove={[Function]}
            onResponderRelease={[Function]}
            onResponderTerminate={[Function]}
            onResponderTerminationRequest={[Function]}
            onStartShouldSetResponder={[Function]}
            style={
              Object {
                "marginRight": 20,
              }
            }
          >
            <Text />
          </View>
        </View>
        <View
          style={
            Object {
              "alignItems": "flex-start",
              "flex": 1,
              "flexDirection": "row",
              "justifyContent": "center",
              "marginBottom": 20,
              "marginTop": 30,
            }
          }
        >
          <RCTScrollView
            data={Array []}
            disableVirtualization={false}
            getItem={[Function]}
            getItemCount={[Function]}
            horizontal={false}
            initialNumToRender={10}
            keyExtractor={[Function]}
            maxToRenderPerBatch={10}
            onContentSizeChange={[Function]}
            onEndReachedThreshold={2}
            onLayout={[Function]}
            onMomentumScrollEnd={[Function]}
            onScroll={[Function]}
            onScrollBeginDrag={[Function]}
            onScrollEndDrag={[Function]}
            removeClippedSubviews={false}
            renderItem={[Function]}
            scrollEventThrottle={50}
            stickyHeaderIndices={Array []}
            updateCellsBatchingPeriod={50}
            viewabilityConfigCallbackPairs={Array []}
            windowSize={21}
          >
            <View />
          </RCTScrollView>
        </View>
      </View>
    </View>
  </RCTScrollView>
</RNCSafeAreaView>
`;
