// Jest Snapshot v1, https://goo.gl/fbAQLP

exports[`TimeTable Home Screen Snapshot 1`] = `
<RNCSafeAreaView
  style={
    Object {
      "backgroundColor": "white",
      "flex": 1,
      "height": 1334,
    }
  }
>
  <RCTScrollView
    automaticallyAdjustContentInsets={false}
    contentInset={
      Object {
        "bottom": 0,
      }
    }
    enableAutomaticScroll={true}
    enableOnAndroid={false}
    enableResetScrollToCoords={true}
    extraHeight={75}
    extraScrollHeight={0}
    getScrollResponder={[Function]}
    handleOnScroll={[Function]}
    keyboardDismissMode="interactive"
    keyboardOpeningTime={250}
    keyboardSpace={0}
    onScroll={[Function]}
    resetKeyboardSpace={[Function]}
    scrollEventThrottle={1}
    scrollForExtraHeightOnAndroid={[Function]}
    scrollIntoView={[Function]}
    scrollToEnd={[Function]}
    scrollToFocusedInput={[Function]}
    scrollToPosition={[Function]}
    showsVerticalScrollIndicator={true}
    update={[Function]}
    viewIsInsideTabBar={false}
  >
    <View>
      <View
        style={
          Object {
            "flexDirection": "row",
            "justifyContent": "space-around",
            "marginBottom": -10,
            "marginTop": -10,
          }
        }
      >
        <View
          style={
            Object {
              "backgroundColor": "#25afcd",
              "borderColor": "black",
              "borderRadius": 20,
              "borderWidth": 0,
              "marginBottom": 30,
              "marginTop": 30,
              "paddingHorizontal": 20,
              "paddingVertical": 0,
            }
          }
        >
          <Text
            style={
              Object {
                "color": "white",
                "fontSize": 25,
                "padding": 8,
              }
            }
          >
            TIMETABLE
          </Text>
        </View>
        <View>
          <Image
            resizeMode="center"
            source={1}
            style={
              Object {
                "height": 110,
                "width": 110,
              }
            }
          />
        </View>
      </View>
      <View
        style={
          Object {
            "alignItems": "center",
            "justifyContent": "center",
            "marginTop": 150,
          }
        }
      >
        <Text
          style={
            Object {
              "color": "gray",
              "fontSize": 17,
            }
          }
        >
          enter course code and date
        </Text>
        <TextInput
          allowFontScaling={true}
          onChangeText={[Function]}
          placeholder="COURSE CODE"
          placeholderTextColor="#c7c7cd"
          rejectResponderTermination={true}
          style={
            Object {
              "borderColor": "#25afcd",
              "borderRadius": 5,
              "borderWidth": 2,
              "fontSize": 17,
              "marginTop": 20,
              "padding": 10,
              "width": 230,
            }
          }
          textAlign="center"
          underlineColorAndroid="transparent"
          value=""
        />
        <View
          accessible={true}
          focusable={true}
          onClick={[Function]}
          onResponderGrant={[Function]}
          onResponderMove={[Function]}
          onResponderRelease={[Function]}
          onResponderTerminate={[Function]}
          onResponderTerminationRequest={[Function]}
          onStartShouldSetResponder={[Function]}
          style={
            Object {
              "borderColor": "#25afcd",
              "borderRadius": 5,
              "borderWidth": 2,
              "marginTop": 10,
              "opacity": 1,
              "padding": 10,
              "width": 230,
            }
          }
        >
          <Text
            style={
              Object {
                "color": "black",
                "fontSize": 15,
                "textAlign": "center",
              }
            }
          >
            PICK A DATE
          </Text>
        </View>
        <Modal
          animationType="none"
          hardwareAccelerated={false}
          isVisible={false}
          onHide={[Function]}
          transparent={true}
          visible={false}
        >
          <View
            accessible={true}
            focusable={true}
            onClick={[Function]}
            onResponderGrant={[Function]}
            onResponderMove={[Function]}
            onResponderRelease={[Function]}
            onResponderTerminate={[Function]}
            onResponderTerminationRequest={[Function]}
            onStartShouldSetResponder={[Function]}
            style={
              Object {
                "backgroundColor": "black",
                "bottom": 0,
                "height": 1334,
                "left": 0,
                "opacity": 0,
                "position": "absolute",
                "right": 0,
                "top": 0,
                "width": 750,
              }
            }
          />
        </Modal>
      </View>
      <View
        accessible={true}
        focusable={true}
        onClick={[Function]}
        onResponderGrant={[Function]}
        onResponderMove={[Function]}
        onResponderRelease={[Function]}
        onResponderTerminate={[Function]}
        onResponderTerminationRequest={[Function]}
        onStartShouldSetResponder={[Function]}
        style={
          Object {
            "opacity": 1,
          }
        }
      >
        <View
          style={
            Object {
              "alignItems": "center",
              "borderColor": "#f4a446",
              "borderRadius": 20,
              "borderWidth": 2,
              "justifyContent": "center",
              "marginHorizontal": 130,
              "marginTop": 20,
              "paddingVertical": 5,
            }
          }
        >
          <Text
            style={
              Object {
                "color": "#f4a446",
                "fontSize": 20,
              }
            }
          >
            SUBMIT
          </Text>
        </View>
      </View>
    </View>
  </RCTScrollView>
</RNCSafeAreaView>
`;
